---
source: crates/sandbox-local/tests/integration.rs
expression: describe_and_read_log(repo).await
---
Commit ID: [COMMIT_ID]
Change ID: [CHANGE_ID]
Bookmarks: sandbox-test-thread
Author   : RAP Sandbox <sandbox@rap> ([TIMESTAMP])
Committer: RAP Sandbox <sandbox@rap> ([TIMESTAMP])

    feat: add widget support

    Added the new widget module.
