---
source: crates/infinity-agent-core/src/event_processor.rs
expression: hm.history.borrow().clone()
---
[
  {
    "kind": "assistant",
    "content": {
      "text": "before"
    }
  },
  {
    "kind": "tool_call",
    "call": {
      "id": "tc-1",
      "call_id": null,
      "function": {
        "name": "some_tool",
        "arguments": {}
      },
      "signature": null,
      "additional_params": null
    }
  },
  {
    "kind": "assistant",
    "content": {
      "text": "after"
    }
  }
]
