---
source: crates/infinity-agent-core/src/event_processor.rs
expression: hm.history.into_inner()
---
[
  {
    "kind": "user",
    "content": {
      "type": "text",
      "text": "subscribe"
    }
  },
  {
    "kind": "tool_call",
    "call": {
      "id": "tc-sub",
      "call_id": null,
      "function": {
        "name": "subscribe_tool",
        "arguments": {
          "topic": "events"
        }
      },
      "signature": null,
      "additional_params": null
    }
  },
  {
    "kind": "tool_result",
    "result": {
      "id": "tc-sub",
      "content": [
        {
          "type": "text",
          "text": "Tool call interrupted by user"
        }
      ]
    }
  },
  {
    "kind": "subscription_event",
    "result": {
      "id": "[uuid]",
      "content": [
        {
          "type": "text",
          "text": "thread report data"
        }
      ]
    },
    "tool_call_id": "tc-sub",
    "child_thread_id": "thread-1",
    "invocation": {
      "id": "[uuid]",
      "call_id": null,
      "function": {
        "name": "receive_event__injected",
        "arguments": {
          "original_args": {
            "topic": "events"
          },
          "original_tool_call_id": "tc-sub",
          "original_tool_name": "subscribe_tool"
        }
      },
      "signature": null,
      "additional_params": null
    }
  }
]
