---
source: crates/infinity-agent-core/src/event_processor.rs
expression: hm.history
---
[
  {
    "role": "user",
    "content": [
      {
        "type": "text",
        "text": "subscribe"
      }
    ]
  },
  {
    "role": "assistant",
    "id": null,
    "content": [
      {
        "id": "tc-sub",
        "call_id": null,
        "function": {
          "name": "subscribe_tool",
          "arguments": {
            "topic": "events"
          }
        },
        "signature": null,
        "additional_params": null
      }
    ]
  },
  {
    "role": "user",
    "content": [
      {
        "type": "toolresult",
        "id": "tc-sub",
        "content": [
          {
            "type": "text",
            "text": "subscribed successfully"
          }
        ]
      }
    ]
  },
  {
    "role": "assistant",
    "id": null,
    "content": [
      {
        "id": "[uuid]",
        "call_id": null,
        "function": {
          "name": "receive_event__injected",
          "arguments": {
            "original_args": {
              "topic": "events"
            },
            "original_tool_call_id": "tc-sub",
            "original_tool_name": "subscribe_tool"
          }
        },
        "signature": null,
        "additional_params": null
      }
    ]
  },
  {
    "role": "user",
    "content": [
      {
        "type": "toolresult",
        "id": "[uuid]",
        "content": [
          {
            "type": "text",
            "text": "thread report data"
          }
        ]
      }
    ]
  }
]
