---
source: crates/infinity-agent-cli/tests/tui_snapshots.rs
expression: h.screen()
---
┌────────────────────────────────────────────────────────────────────────────────┐
│                                                                                │
│                                                                                │
│                                                                                │
│                                                                                │
│                                                                                │
│Infinity Agent CLI                                                              │
│Type your messages below. /help for commands. Ctrl+C to exit.                   │
│                                                                                │
│> hello there                                                                   │
│                                                                                │
│██████████ pondering the request                                                │
│────────────────────────────────────────────────────────────────────────────────│
│                                                                                │
│                                                                                │
│                                                                                │
│/help for commands                                 mock: mock-model · 0% context│
└────────────────────────────────────────────────────────────────────────────────┘
cursor: row=13 col=1
