---
source: crates/infinity-agent-cli/tests/tui_viewport_snapshots.rs
expression: h.screen_with_scrollback()
---
~ 
~ 
~ 
~ 
~ 
~ 
~ 
~ 
~ 
~ 
~ 
┌────────────────────────────────────────────────────────────────────────────────┐
│                                                                                │
│Infinity Agent CLI                                                              │
│Type your messages below. /help for commands. Ctrl+C to exit.                   │
│                                                                                │
│OAuth required — open this URL:                                                 │
│  https://example.com/oauth/authorize?client_id=abc123                          │
│                                                                                │
│────────────────────────────────────────────────────────────────────────────────│
│                                                                                │
│                                                                                │
│                                                                                │
│/help for commands                                 mock: mock-model · 0% context│
└────────────────────────────────────────────────────────────────────────────────┘
cursor: row=9 col=1
