---
source: crates/infinity-agent-cli/tests/tui_flow_snapshots.rs
expression: h.screen_with_scrollback()
---
~ 
~ 
~ 
~ 
~ 
~ 
~ 
~ 
~ 
~ 
~ 
~ 
~ 
┌────────────────────────────────────────────────────────────────────────────────┐
│                                                                                │
│Infinity Agent CLI                                                              │
│Type your messages below. /help for commands. Ctrl+C to exit.                   │
│                                                                                │
│> spawn and close                                                               │
│[child-ab] ⚡timer: tick from the child                                         │
│                                                                                │
│                                                                                │
│▄▄▄▄▄▄▄▄▄▄                                                                      │
│────────────────────────────────────────────────────────────────────────────────│
│                                                                                │
│                                                                                │
│                                                                                │
│/help for commands                                 mock: mock-model · 0% context│
└────────────────────────────────────────────────────────────────────────────────┘
cursor: row=11 col=1
