---
source: crates/infinity-agent-cli/tests/tui_flow_snapshots.rs
expression: h.screen()
---
┌────────────────────────────────────────────────────────────────────────────────┐
│Infinity Agent CLI                                                              │
│Type your messages below. /help for commands. Ctrl+C to exit.                   │
│                                                                                │
│                                                                                │
│✦ Loading session — thread current-session-01                                   │
│> hi                                                                            │
│✦ Lazily creating a new session                                                 │
│                                                                                │
│                                                                                │
│────────────────────────────────────────────────────────────────────────────────│
│                                                                                │
│                                                                                │
│                                                                                │
│mock-model (/help for commands)                                  0% context used│
└────────────────────────────────────────────────────────────────────────────────┘
cursor: row=11 col=1
