---
source: crates/infinity-agent-cli/tests/tui_snapshots.rs
expression: h.screen()
---
┌────────────────────────────────────────────────────────────────────────────────┐
│                                                                                │
│                                                                                │
│                                                                                │
│                                                                                │
│                                                                                │
│Infinity Agent CLI                                                              │
│Type your messages below. /help for commands. Ctrl+C to exit.                   │
│                                                                                │
│                                                                                │
│✦ Loading session — thread f00dcafe-1234-5678-9abc-def012345678                 │
│                                                                                │
│────────────────────────────────────────────────────────────────────────────────│
│                                                                                │
│                                                                                │
│                                                                                │
│mock-model (/help for commands)                      f00dcafe | 42% context used│
└────────────────────────────────────────────────────────────────────────────────┘
cursor: row=13 col=1
title: My fancy session
