---
source: crates/infinity-agent-cli/tests/tui_reflow_snapshots.rs
expression: h.screen_with_scrollback()
---
~ 
~ 
~ 
~ 
~ 
~ 
~ 
~ 
~ 
~ 
~ 
~ 
~ Infinity Agent CLI
~ Type your messages below. /help for comm
~ ands. Ctrl+C to exit.
~ 
~ scroll line 01
~ scroll line 02
~ scroll line 03
~ word01 word02 word03 word04 word05 word0
~ 6 word07 word08 word09 word10 word11 wor
~ d12 word13 word14 word15 word16 word17 w
~ ord18
~ 
~ 
~ 
~ 
┌────────────────────────────────────────┐
│                                        │
│                                        │
│                                        │
│                                        │
│                                        │
│                                        │
│                                        │
│────────────────────────────────────────│
│                                        │
│                                        │
│                                        │
│/help fo…  mock: mock-model · 0% context│
└────────────────────────────────────────┘
cursor: row=9 col=1
