---
source: crates/infinity-agent-cli/tests/tui_flow_snapshots.rs
assertion_line: 135
expression: h.screen()
---
┌────────────────────────────────────────────────────────────────────────────────┐
│Infinity Agent CLI                                                              │
│Type your messages below. /help for commands. Ctrl+C to exit.                   │
│                                                                                │
│                                                                                │
│✦ Loading session — thread replayed-session-0001                                │
│> replayed question                                                             │
│replayed answer                                                                 │
│                                                                                │
│                                                                                │
│────────────────────────────────────────────────────────────────────────────────│
│                                                                                │
│                                                                                │
│                                                                                │
│replayed | /help for commands                     mock: mock-model · 42% context│
└────────────────────────────────────────────────────────────────────────────────┘
cursor: row=11 col=1
title: Replayed session
