---
source: crates/infinity-agent-cli/tests/tui_snapshots.rs
expression: h.screen()
---
┌────────────────────────────────────────────────────────────────────────────────┐
│                                                                                │
│                                                                                │
│                                                                                │
│Infinity Agent CLI                                                              │
│Type your messages below. /help for commands. Ctrl+C to exit.                   │
│                                                                                │
│> do things in parallel                                                         │
│                                                                                │
│▄▄▄▄▄▄▄▄▄▄                                                                      │
│thread-aaaa1111 child one is thinking about its task                            │
│thread-bbbb2222  ◆ execute_command(ls)                                          │
│────────────────────────────────────────────────────────────────────────────────│
│                                                                                │
│                                                                                │
│                                                                                │
│mock-model (/help for commands)                                  0% context used│
└────────────────────────────────────────────────────────────────────────────────┘
cursor: row=13 col=1
