---
source: crates/infinity-agent-cli/tests/tui_reflow_snapshots.rs
expression: h.screen_with_scrollback()
---
~ 
~ 
~ 
~ 
~ 
~ 
~ 
~ 
~ 
~ 
~ 
~ 
~ Infinity Agent CLI
┌────────────────────────────────────────────────────────────────────────────────┐
│Type your messages below. /help for commands. Ctrl+C to exit.                   │
│                                                                                │
│> stream                                                                        │
│this is a long sentence that wraps across multiple rows at forty columns AND THE│
│ CONTINUATION AFTER WIDENING                                                    │
│                                                                                │
│                                                                                │
│────────────────────────────────────────────────────────────────────────────────│
│                                                                                │
│                                                                                │
│                                                                                │
│/help for commands                                 mock: mock-model · 0% context│
└────────────────────────────────────────────────────────────────────────────────┘
cursor: row=9 col=1
