---
source: crates/infinity-agent-cli/tests/tui_flow_snapshots.rs
expression: h.screen()
---
┌────────────────────────────────────────────────────────────────────────────────┐
│                                                                                │
│                                                                                │
│                                                                                │
│Infinity Agent CLI                                                              │
│Type your messages below. /help for commands. Ctrl+C to exit.                   │
│                                                                                │
│                                                                                │
│✦ Loading session — thread busy-session-0001                                    │
│                                                                                │
│────────────────────────────────────────────────────────────────────────────────│
│                                                                                │
│                                                                                │
│                                                                                │
│busy-ses | /help for commands                      mock: mock-model · 5% context│
└────────────────────────────────────────────────────────────────────────────────┘
cursor: row=11 col=1
title: Busy session
