---
source: crates/infinity-agent-cli/tests/tui_flow_snapshots.rs
assertion_line: 250
expression: h.screen()
---
┌────────────────────────────────────────────────────────────────────────────────┐
│                                                                                │
│                                                                                │
│                                                                                │
│Infinity Agent CLI                                                              │
│Type your messages below. /help for commands. Ctrl+C to exit.                   │
│                                                                                │
│                                                                                │
│✦ Loading session — thread busy-session-0001                                    │
│                                                                                │
│────────────────────────────────────────────────────────────────────────────────│
│ Continue running agent in background                                           │
│ Shut down agent                                                                │
│                                                                                │
│↑↓ navigate  enter select  esc cancel              mock: mock-model · 5% context│
└────────────────────────────────────────────────────────────────────────────────┘
cursor: row=7 col=44 (hidden)
title: Busy session
