---
source: crates/infinity-agent-cli/tests/tui_flow_snapshots.rs
assertion_line: 223
expression: h.screen()
---
┌────────────────────────────────────────────────────────────────────────────────┐
│                                                                                │
│                                                                                │
│                                                                                │
│Infinity Agent CLI                                                              │
│Type your messages below. /help for commands. Ctrl+C to exit.                   │
│                                                                                │
│                                                                                │
│────────────────────────────────────────────────────────────────────────────────│
│                                                                                │
│ pasted one                                                                     │
│ pasted two                                                                     │
│ pasted three                                                                   │
│                                                                                │
│/help for commands                                 mock: mock-model · 0% context│
└────────────────────────────────────────────────────────────────────────────────┘
cursor: row=11 col=13
